../LCD44780/LCD44780.c:13:6:mdelay	24	static
../LCD44780/LCD44780.c:25:6:udelay	24	static
../LCD44780/LCD44780.c:37:6:LCD_En	24	static
../LCD44780/LCD44780.c:53:6:LCD_SendCmd	32	static
../LCD44780/LCD44780.c:70:6:LCD_Init	8	static
../LCD44780/LCD44780.c:130:6:DisplayOn	8	static
../LCD44780/LCD44780.c:142:6:LCD_Write	32	static
../LCD44780/LCD44780.c:154:6:LCD_SendSymbol	24	static
../LCD44780/LCD44780.c:168:6:LCD_Send_command	24	static
../LCD44780/LCD44780.c:181:6:LCD_PrintText	16	static
../LCD44780/LCD44780.c:193:6:LCD_SetCursur	16	static
