08:07:07 **** Incremental Build of configuration Debug for project Encoder_Motor_stm32f1 ****
make -j8 all 
arm-none-eabi-gcc "../Core/Src/main.c" -mcpu=cortex-m3 -std=gnu11 -g3 -DDEBUG -DUSE_HAL_DRIVER -DSTM32F103xB -c -I../Core/Inc -I../Drivers/STM32F1xx_HAL_Driver/Inc/Legacy -I../Drivers/STM32F1xx_HAL_Driver/Inc -I../Drivers/CMSIS/Device/ST/STM32F1xx/Include -I../Drivers/CMSIS/Include -O0 -ffunction-sections -fdata-sections -Wall -fstack-usage -fcyclomatic-complexity -MMD -MP -MF"Core/Src/main.d" -MT"Core/Src/main.o" --specs=nano.specs -mfloat-abi=soft -mthumb -o "Core/Src/main.o"
arm-none-eabi-gcc -o "Encoder_Motor_stm32f1.elf" @"objects.list"   -mcpu=cortex-m3 -T"/home/oem/Embedded C/Terget/Encoder_Motor_stm32f1/STM32F103C8TX_FLASH.ld" --specs=nosys.specs -Wl,-Map="Encoder_Motor_stm32f1.map" -Wl,--gc-sections -static --specs=nano.specs -mfloat-abi=soft -mthumb -Wl,--start-group -lc -lm -Wl,--end-group
Finished building target: Encoder_Motor_stm32f1.elf
 
arm-none-eabi-size   Encoder_Motor_stm32f1.elf 
arm-none-eabi-objdump -h -S  Encoder_Motor_stm32f1.elf  > "Encoder_Motor_stm32f1.list"
   text	   data	    bss	    dec	    hex	filename
   9372	     20	   1716	  11108	   2b64	Encoder_Motor_stm32f1.elf
Finished building: default.size.stdout
 
Finished building: Encoder_Motor_stm32f1.list
 

08:07:08 Build Finished. 0 errors, 0 warnings. (took 1s.28ms)

